arm-none-eabi-g++ "../Core/Src/main.cpp" -mcpu=cortex-m4 -std=gnu++14 -g3 -DUSE_HAL_DRIVER -DSTM32F446xx -DDEBUG -c -I../Core/Inc -I../Drivers/STM32F4xx_HAL_Driver/Inc -I../Drivers/STM32F4xx_HAL_Driver/Inc/Legacy -I../Drivers/CMSIS/Device/ST/STM32F4xx/Include -I../Drivers/CMSIS/Include -O0 -ffunction-sections -fdata-sections -fno-exceptions -fno-rtti -fno-use-cxa-atexit -Wall -fstack-usage -MMD -MP -MF"Core/Src/main.d" -MT"Core/Src/main.o" --specs=nano.specs -mfpu=fpv4-sp-d16 -mfloat-abi=hard -mthumb -o "Core/Src/main.o"
In file included from ../Core/Src/main.cpp:29:0:
../Core/Inc/pure_pursuit.h: In constructor 'TargetCourse::TargetCourse(std::vector<double>, std::vector<double>)':
../Core/Inc/pure_pursuit.h:89:18: warning: comparison between signed and unsigned integer expressions [-Wsign-compare]
     for(int i=0;i<y.size();i++){
                 ~^~~~~~~~~
../Core/Inc/pure_pursuit.h: In member function 'std::tuple<int, double> TargetCourse::search_target_index(State)':
../Core/Inc/pure_pursuit.h:104:22: warning: comparison between signed and unsigned integer expressions [-Wsign-compare]
         for(int i=0;i<cx.size();i++){
                     ~^~~~~~~~~~
../Core/Inc/pure_pursuit.h:126:21: warning: comparison between signed and unsigned integer expressions [-Wsign-compare]
             if(ind+1<cx.size()){
                ~~~~~^~~~~~~~~~
../Core/Inc/pure_pursuit.h:141:17: warning: comparison between signed and unsigned integer expressions [-Wsign-compare]
         if(ind+1>=cx.size())break;
            ~~~~~^~~~~~~~~~~
../Core/Inc/pure_pursuit.h: In function 'std::tuple<int, double> pursuit_control(State, TargetCourse&, int)':
../Core/Inc/pure_pursuit.h:170:11: warning: comparison between signed and unsigned integer expressions [-Wsign-compare]
     if(Ind<trajectory.cx.size()){
        ~~~^~~~~~~~~~~~~~~~~~~~~
../Core/Inc/pure_pursuit.h:174:11: warning: comparison between signed and unsigned integer expressions [-Wsign-compare]
     if(Ind>trajectory.cx.size()){
        ~~~^~~~~~~~~~~~~~~~~~~~~
In file included from ../Core/Src/main.cpp:30:0:
../Core/Inc/cubic_spline.h: In member function 'double CubicSpline::Calc(double)':
../Core/Inc/cubic_spline.h:92:14: warning: comparison between signed and unsigned integer expressions [-Wsign-compare]
     else if(j>=a_.size()){
             ~^~~~~~~~~~~
../Core/Src/main.cpp: In function 'double speed(double, double)':
../Core/Src/main.cpp:130:1: warning: no return statement in function returning non-void [-Wreturn-type]
 }
 ^
../Core/Src/main.cpp: In function 'int main()':
../Core/Src/main.cpp:215:16: warning: comparison between signed and unsigned integer expressions [-Wsign-compare]
   for(int i=0;i<dist.size();i++){
               ~^~~~~~~~~~~~
../Core/Src/main.cpp:163:14: warning: variable 'z' set but not used [-Wunused-but-set-variable]
   double x,y,z;
              ^
../Core/Src/main.cpp:165:10: warning: variable 'mt' set but not used [-Wunused-but-set-variable]
   double mt[3];
          ^~
../Core/Src/main.cpp:169:7: warning: variable 'last_ind' set but not used [-Wunused-but-set-variable]
   int last_ind;
       ^~~~~~~~
../Core/Src/main.cpp:204:44: warning: 'init_x' is used uninitialized in this function [-Wuninitialized]
   State state(init_x,init_y,init_yaw,init_v);
                                            ^
../Core/Src/main.cpp:204:44: warning: 'init_y' is used uninitialized in this function [-Wuninitialized]
../Core/Src/main.cpp:204:44: warning: 'init_yaw' is used uninitialized in this function [-Wuninitialized]
../Core/Src/main.cpp:204:44: warning: 'init_v' is used uninitialized in this function [-Wuninitialized]
../Core/Src/main.cpp:277:16: warning: 'speed' is used uninitialized in this function [-Wuninitialized]
    state.update(x,y,speed,delta);
    ~~~~~~~~~~~~^~~~~~~~~~~~~~~~~
../Core/Src/main.cpp:279:11: warning: 'v' is used uninitialized in this function [-Wuninitialized]
    speed_x=v*cos(delta);
    ~~~~~~~^~~~~~~~~~~~~
../Core/Src/main.cpp:192:45: note: parameter passing for argument of type 'std::initializer_list<double>' changed in GCC 7.1
   std::vector<double>point_x{0,0,0,0.5,1,1,1};
                                             ^
../Core/Src/main.cpp:193:43: note: parameter passing for argument of type 'std::initializer_list<double>' changed in GCC 7.1
   std::vector<double>point_y{1,2,1,1,2,2,2};
                                           ^
In file included from /home/utida/st/stm32cubeide_1.5.1/plugins/com.st.stm32cube.ide.mcu.externaltools.gnu-tools-for-stm32.7-2018-q2-update.linux64_1.5.0.202011040924/tools/arm-none-eabi/include/c++/7.3.1/vector:64:0,
                 from ../Core/Inc/pure_pursuit.h:12,
                 from ../Core/Src/main.cpp:29:
/home/utida/st/stm32cubeide_1.5.1/plugins/com.st.stm32cube.ide.mcu.externaltools.gnu-tools-for-stm32.7-2018-q2-update.linux64_1.5.0.202011040924/tools/arm-none-eabi/include/c++/7.3.1/bits/stl_vector.h: In member function 'void std::vector<_Tp, _Alloc>::push_back(const value_type&) [with _Tp = double; _Alloc = std::allocator<double>]':
/home/utida/st/stm32cubeide_1.5.1/plugins/com.st.stm32cube.ide.mcu.externaltools.gnu-tools-for-stm32.7-2018-q2-update.linux64_1.5.0.202011040924/tools/arm-none-eabi/include/c++/7.3.1/bits/stl_vector.h:948:21: note: parameter passing for argument of type '__gnu_cxx::__normal_iterator<double*, std::vector<double> >' changed in GCC 7.1
    _M_realloc_insert(end(), __x);
    ~~~~~~~~~~~~~~~~~^~~~~~~~~~~~
/home/utida/st/stm32cubeide_1.5.1/plugins/com.st.stm32cube.ide.mcu.externaltools.gnu-tools-for-stm32.7-2018-q2-update.linux64_1.5.0.202011040924/tools/arm-none-eabi/include/c++/7.3.1/bits/stl_vector.h: In copy constructor 'std::vector<_Tp, _Alloc>::vector(const std::vector<_Tp, _Alloc>&) [with _Tp = double; _Alloc = std::allocator<double>]':
/home/utida/st/stm32cubeide_1.5.1/plugins/com.st.stm32cube.ide.mcu.externaltools.gnu-tools-for-stm32.7-2018-q2-update.linux64_1.5.0.202011040924/tools/arm-none-eabi/include/c++/7.3.1/bits/stl_vector.h:331:31: note: parameter passing for argument of type '__gnu_cxx::__normal_iterator<const double*, std::vector<double> >' changed in GCC 7.1
    std::__uninitialized_copy_a(__x.begin(), __x.end(),
    ~~~~~~~~~~~~~~~~~~~~~~~~~~~^~~~~~~~~~~~~~~~~~~~~~~~
           this->_M_impl._M_start,
           ~~~~~~~~~~~~~~~~~~~~~~~
           _M_get_Tp_allocator());
           ~~~~~~~~~~~~~~~~~~~~~~
/home/utida/st/stm32cubeide_1.5.1/plugins/com.st.stm32cube.ide.mcu.externaltools.gnu-tools-for-stm32.7-2018-q2-update.linux64_1.5.0.202011040924/tools/arm-none-eabi/include/c++/7.3.1/bits/stl_vector.h: In constructor 'std::vector<_Tp, _Alloc>::vector(std::initializer_list<_Tp>, const allocator_type&) [with _Tp = double; _Alloc = std::allocator<double>]':
/home/utida/st/stm32cubeide_1.5.1/plugins/com.st.stm32cube.ide.mcu.externaltools.gnu-tools-for-stm32.7-2018-q2-update.linux64_1.5.0.202011040924/tools/arm-none-eabi/include/c++/7.3.1/bits/stl_vector.h:383:7: note: parameter passing for argument of type 'std::initializer_list<double>' changed in GCC 7.1
       vector(initializer_list<value_type> __l,
       ^~~~~~
In file included from /home/utida/st/stm32cubeide_1.5.1/plugins/com.st.stm32cube.ide.mcu.externaltools.gnu-tools-for-stm32.7-2018-q2-update.linux64_1.5.0.202011040924/tools/arm-none-eabi/include/c++/7.3.1/vector:69:0,
                 from ../Core/Inc/pure_pursuit.h:12,
                 from ../Core/Src/main.cpp:29:
/home/utida/st/stm32cubeide_1.5.1/plugins/com.st.stm32cube.ide.mcu.externaltools.gnu-tools-for-stm32.7-2018-q2-update.linux64_1.5.0.202011040924/tools/arm-none-eabi/include/c++/7.3.1/bits/vector.tcc: In member function 'void std::vector<_Tp, _Alloc>::_M_realloc_insert(std::vector<_Tp, _Alloc>::iterator, _Args&& ...) [with _Args = {const double&}; _Tp = double; _Alloc = std::allocator<double>]':
/home/utida/st/stm32cubeide_1.5.1/plugins/com.st.stm32cube.ide.mcu.externaltools.gnu-tools-for-stm32.7-2018-q2-update.linux64_1.5.0.202011040924/tools/arm-none-eabi/include/c++/7.3.1/bits/vector.tcc:394:7: note: parameter passing for argument of type 'std::vector<double>::iterator {aka __gnu_cxx::__normal_iterator<double*, std::vector<double> >}' changed in GCC 7.1
       vector<_Tp, _Alloc>::
       ^~~~~~~~~~~~~~~~~~~
In file included from /home/utida/st/stm32cubeide_1.5.1/plugins/com.st.stm32cube.ide.mcu.externaltools.gnu-tools-for-stm32.7-2018-q2-update.linux64_1.5.0.202011040924/tools/arm-none-eabi/include/c++/7.3.1/vector:63:0,
                 from ../Core/Inc/pure_pursuit.h:12,
                 from ../Core/Src/main.cpp:29:
/home/utida/st/stm32cubeide_1.5.1/plugins/com.st.stm32cube.ide.mcu.externaltools.gnu-tools-for-stm32.7-2018-q2-update.linux64_1.5.0.202011040924/tools/arm-none-eabi/include/c++/7.3.1/bits/stl_uninitialized.h: In function '_ForwardIterator std::__uninitialized_copy_a(_InputIterator, _InputIterator, _ForwardIterator, std::allocator<_Tp>&) [with _InputIterator = __gnu_cxx::__normal_iterator<const double*, std::vector<double> >; _ForwardIterator = double*; _Tp = double]':
/home/utida/st/stm32cubeide_1.5.1/plugins/com.st.stm32cube.ide.mcu.externaltools.gnu-tools-for-stm32.7-2018-q2-update.linux64_1.5.0.202011040924/tools/arm-none-eabi/include/c++/7.3.1/bits/stl_uninitialized.h:287:5: note: parameter passing for argument of type '__gnu_cxx::__normal_iterator<const double*, std::vector<double> >' changed in GCC 7.1
     __uninitialized_copy_a(_InputIterator __first, _InputIterator __last,
     ^~~~~~~~~~~~~~~~~~~~~~
/home/utida/st/stm32cubeide_1.5.1/plugins/com.st.stm32cube.ide.mcu.externaltools.gnu-tools-for-stm32.7-2018-q2-update.linux64_1.5.0.202011040924/tools/arm-none-eabi/include/c++/7.3.1/bits/stl_uninitialized.h:287:5: note: parameter passing for argument of type '__gnu_cxx::__normal_iterator<const double*, std::vector<double> >' changed in GCC 7.1
/home/utida/st/stm32cubeide_1.5.1/plugins/com.st.stm32cube.ide.mcu.externaltools.gnu-tools-for-stm32.7-2018-q2-update.linux64_1.5.0.202011040924/tools/arm-none-eabi/include/c++/7.3.1/bits/stl_uninitialized.h:289:63: note: parameter passing for argument of type '__gnu_cxx::__normal_iterator<const double*, std::vector<double> >' changed in GCC 7.1
     { return std::uninitialized_copy(__first, __last, __result); }
                                                               ^
In file included from /home/utida/st/stm32cubeide_1.5.1/plugins/com.st.stm32cube.ide.mcu.externaltools.gnu-tools-for-stm32.7-2018-q2-update.linux64_1.5.0.202011040924/tools/arm-none-eabi/include/c++/7.3.1/vector:69:0,
                 from ../Core/Inc/pure_pursuit.h:12,
                 from ../Core/Src/main.cpp:29:
/home/utida/st/stm32cubeide_1.5.1/plugins/com.st.stm32cube.ide.mcu.externaltools.gnu-tools-for-stm32.7-2018-q2-update.linux64_1.5.0.202011040924/tools/arm-none-eabi/include/c++/7.3.1/bits/vector.tcc: In member function 'void std::vector<_Tp, _Alloc>::emplace_back(_Args&& ...) [with _Args = {double}; _Tp = double; _Alloc = std::allocator<double>]':
/home/utida/st/stm32cubeide_1.5.1/plugins/com.st.stm32cube.ide.mcu.externaltools.gnu-tools-for-stm32.7-2018-q2-update.linux64_1.5.0.202011040924/tools/arm-none-eabi/include/c++/7.3.1/bits/vector.tcc:105:21: note: parameter passing for argument of type '__gnu_cxx::__normal_iterator<double*, std::vector<double> >' changed in GCC 7.1
    _M_realloc_insert(end(), std::forward<_Args>(__args)...);
    ~~~~~~~~~~~~~~~~~^~~~~~~~~~~~~~~~~~~~~~~~~~~~~~~~~~~~~~~
In file included from /home/utida/st/stm32cubeide_1.5.1/plugins/com.st.stm32cube.ide.mcu.externaltools.gnu-tools-for-stm32.7-2018-q2-update.linux64_1.5.0.202011040924/tools/arm-none-eabi/include/c++/7.3.1/vector:63:0,
                 from ../Core/Inc/pure_pursuit.h:12,
                 from ../Core/Src/main.cpp:29:
/home/utida/st/stm32cubeide_1.5.1/plugins/com.st.stm32cube.ide.mcu.externaltools.gnu-tools-for-stm32.7-2018-q2-update.linux64_1.5.0.202011040924/tools/arm-none-eabi/include/c++/7.3.1/bits/stl_uninitialized.h: In function '_ForwardIterator std::__uninitialized_move_if_noexcept_a(_InputIterator, _InputIterator, _ForwardIterator, _Allocator&) [with _InputIterator = double*; _ForwardIterator = double*; _Allocator = std::allocator<double>]':
/home/utida/st/stm32cubeide_1.5.1/plugins/com.st.stm32cube.ide.mcu.externaltools.gnu-tools-for-stm32.7-2018-q2-update.linux64_1.5.0.202011040924/tools/arm-none-eabi/include/c++/7.3.1/bits/stl_uninitialized.h:312:69: note: parameter passing for argument of type 'std::move_iterator<double*>' changed in GCC 7.1
   _GLIBCXX_MAKE_MOVE_IF_NOEXCEPT_ITERATOR(__last), __result, __alloc);
                                                                     ^
/home/utida/st/stm32cubeide_1.5.1/plugins/com.st.stm32cube.ide.mcu.externaltools.gnu-tools-for-stm32.7-2018-q2-update.linux64_1.5.0.202011040924/tools/arm-none-eabi/include/c++/7.3.1/bits/stl_uninitialized.h: In function '_ForwardIterator std::uninitialized_copy(_InputIterator, _InputIterator, _ForwardIterator) [with _InputIterator = __gnu_cxx::__normal_iterator<const double*, std::vector<double> >; _ForwardIterator = double*]':
/home/utida/st/stm32cubeide_1.5.1/plugins/com.st.stm32cube.ide.mcu.externaltools.gnu-tools-for-stm32.7-2018-q2-update.linux64_1.5.0.202011040924/tools/arm-none-eabi/include/c++/7.3.1/bits/stl_uninitialized.h:115:5: note: parameter passing for argument of type '__gnu_cxx::__normal_iterator<const double*, std::vector<double> >' changed in GCC 7.1
     uninitialized_copy(_InputIterator __first, _InputIterator __last,
     ^~~~~~~~~~~~~~~~~~
/home/utida/st/stm32cubeide_1.5.1/plugins/com.st.stm32cube.ide.mcu.externaltools.gnu-tools-for-stm32.7-2018-q2-update.linux64_1.5.0.202011040924/tools/arm-none-eabi/include/c++/7.3.1/bits/stl_uninitialized.h:115:5: note: parameter passing for argument of type '__gnu_cxx::__normal_iterator<const double*, std::vector<double> >' changed in GCC 7.1
/home/utida/st/stm32cubeide_1.5.1/plugins/com.st.stm32cube.ide.mcu.externaltools.gnu-tools-for-stm32.7-2018-q2-update.linux64_1.5.0.202011040924/tools/arm-none-eabi/include/c++/7.3.1/bits/stl_uninitialized.h:134:41: note: parameter passing for argument of type '__gnu_cxx::__normal_iterator<const double*, std::vector<double> >' changed in GCC 7.1
  __uninit_copy(__first, __last, __result);
                                         ^
In file included from /home/utida/st/stm32cubeide_1.5.1/plugins/com.st.stm32cube.ide.mcu.externaltools.gnu-tools-for-stm32.7-2018-q2-update.linux64_1.5.0.202011040924/tools/arm-none-eabi/include/c++/7.3.1/vector:69:0,
                 from ../Core/Inc/pure_pursuit.h:12,
                 from ../Core/Src/main.cpp:29:
/home/utida/st/stm32cubeide_1.5.1/plugins/com.st.stm32cube.ide.mcu.externaltools.gnu-tools-for-stm32.7-2018-q2-update.linux64_1.5.0.202011040924/tools/arm-none-eabi/include/c++/7.3.1/bits/vector.tcc: In member function 'void std::vector<_Tp, _Alloc>::_M_realloc_insert(std::vector<_Tp, _Alloc>::iterator, _Args&& ...) [with _Args = {double}; _Tp = double; _Alloc = std::allocator<double>]':
/home/utida/st/stm32cubeide_1.5.1/plugins/com.st.stm32cube.ide.mcu.externaltools.gnu-tools-for-stm32.7-2018-q2-update.linux64_1.5.0.202011040924/tools/arm-none-eabi/include/c++/7.3.1/bits/vector.tcc:394:7: note: parameter passing for argument of type 'std::vector<double>::iterator {aka __gnu_cxx::__normal_iterator<double*, std::vector<double> >}' changed in GCC 7.1
       vector<_Tp, _Alloc>::
       ^~~~~~~~~~~~~~~~~~~
In file included from /home/utida/st/stm32cubeide_1.5.1/plugins/com.st.stm32cube.ide.mcu.externaltools.gnu-tools-for-stm32.7-2018-q2-update.linux64_1.5.0.202011040924/tools/arm-none-eabi/include/c++/7.3.1/vector:63:0,
                 from ../Core/Inc/pure_pursuit.h:12,
                 from ../Core/Src/main.cpp:29:
/home/utida/st/stm32cubeide_1.5.1/plugins/com.st.stm32cube.ide.mcu.externaltools.gnu-tools-for-stm32.7-2018-q2-update.linux64_1.5.0.202011040924/tools/arm-none-eabi/include/c++/7.3.1/bits/stl_uninitialized.h: In function '_ForwardIterator std::__uninitialized_copy_a(_InputIterator, _InputIterator, _ForwardIterator, std::allocator<_Tp>&) [with _InputIterator = std::move_iterator<double*>; _ForwardIterator = double*; _Tp = double]':
/home/utida/st/stm32cubeide_1.5.1/plugins/com.st.stm32cube.ide.mcu.externaltools.gnu-tools-for-stm32.7-2018-q2-update.linux64_1.5.0.202011040924/tools/arm-none-eabi/include/c++/7.3.1/bits/stl_uninitialized.h:287:5: note: parameter passing for argument of type 'std::move_iterator<double*>' changed in GCC 7.1
     __uninitialized_copy_a(_InputIterator __first, _InputIterator __last,
     ^~~~~~~~~~~~~~~~~~~~~~
/home/utida/st/stm32cubeide_1.5.1/plugins/com.st.stm32cube.ide.mcu.externaltools.gnu-tools-for-stm32.7-2018-q2-update.linux64_1.5.0.202011040924/tools/arm-none-eabi/include/c++/7.3.1/bits/stl_uninitialized.h:287:5: note: parameter passing for argument of type 'std::move_iterator<double*>' changed in GCC 7.1
/home/utida/st/stm32cubeide_1.5.1/plugins/com.st.stm32cube.ide.mcu.externaltools.gnu-tools-for-stm32.7-2018-q2-update.linux64_1.5.0.202011040924/tools/arm-none-eabi/include/c++/7.3.1/bits/stl_uninitialized.h:289:63: note: parameter passing for argument of type 'std::move_iterator<double*>' changed in GCC 7.1
     { return std::uninitialized_copy(__first, __last, __result); }
                                                               ^
/home/utida/st/stm32cubeide_1.5.1/plugins/com.st.stm32cube.ide.mcu.externaltools.gnu-tools-for-stm32.7-2018-q2-update.linux64_1.5.0.202011040924/tools/arm-none-eabi/include/c++/7.3.1/bits/stl_uninitialized.h: In static member function 'static _ForwardIterator std::__uninitialized_copy<true>::__uninit_copy(_InputIterator, _InputIterator, _ForwardIterator) [with _InputIterator = __gnu_cxx::__normal_iterator<const double*, std::vector<double> >; _ForwardIterator = double*]':
/home/utida/st/stm32cubeide_1.5.1/plugins/com.st.stm32cube.ide.mcu.externaltools.gnu-tools-for-stm32.7-2018-q2-update.linux64_1.5.0.202011040924/tools/arm-none-eabi/include/c++/7.3.1/bits/stl_uninitialized.h:99:9: note: parameter passing for argument of type '__gnu_cxx::__normal_iterator<const double*, std::vector<double> >' changed in GCC 7.1
         __uninit_copy(_InputIterator __first, _InputIterator __last,
         ^~~~~~~~~~~~~
/home/utida/st/stm32cubeide_1.5.1/plugins/com.st.stm32cube.ide.mcu.externaltools.gnu-tools-for-stm32.7-2018-q2-update.linux64_1.5.0.202011040924/tools/arm-none-eabi/include/c++/7.3.1/bits/stl_uninitialized.h:99:9: note: parameter passing for argument of type '__gnu_cxx::__normal_iterator<const double*, std::vector<double> >' changed in GCC 7.1
/home/utida/st/stm32cubeide_1.5.1/plugins/com.st.stm32cube.ide.mcu.externaltools.gnu-tools-for-stm32.7-2018-q2-update.linux64_1.5.0.202011040924/tools/arm-none-eabi/include/c++/7.3.1/bits/stl_uninitialized.h:101:53: note: parameter passing for argument of type '__gnu_cxx::__normal_iterator<const double*, std::vector<double> >' changed in GCC 7.1
         { return std::copy(__first, __last, __result); }
                                                     ^
/home/utida/st/stm32cubeide_1.5.1/plugins/com.st.stm32cube.ide.mcu.externaltools.gnu-tools-for-stm32.7-2018-q2-update.linux64_1.5.0.202011040924/tools/arm-none-eabi/include/c++/7.3.1/bits/stl_uninitialized.h: In function '_ForwardIterator std::uninitialized_copy(_InputIterator, _InputIterator, _ForwardIterator) [with _InputIterator = std::move_iterator<double*>; _ForwardIterator = double*]':
/home/utida/st/stm32cubeide_1.5.1/plugins/com.st.stm32cube.ide.mcu.externaltools.gnu-tools-for-stm32.7-2018-q2-update.linux64_1.5.0.202011040924/tools/arm-none-eabi/include/c++/7.3.1/bits/stl_uninitialized.h:115:5: note: parameter passing for argument of type 'std::move_iterator<double*>' changed in GCC 7.1
     uninitialized_copy(_InputIterator __first, _InputIterator __last,
     ^~~~~~~~~~~~~~~~~~
/home/utida/st/stm32cubeide_1.5.1/plugins/com.st.stm32cube.ide.mcu.externaltools.gnu-tools-for-stm32.7-2018-q2-update.linux64_1.5.0.202011040924/tools/arm-none-eabi/include/c++/7.3.1/bits/stl_uninitialized.h:115:5: note: parameter passing for argument of type 'std::move_iterator<double*>' changed in GCC 7.1
/home/utida/st/stm32cubeide_1.5.1/plugins/com.st.stm32cube.ide.mcu.externaltools.gnu-tools-for-stm32.7-2018-q2-update.linux64_1.5.0.202011040924/tools/arm-none-eabi/include/c++/7.3.1/bits/stl_uninitialized.h:134:41: note: parameter passing for argument of type 'std::move_iterator<double*>' changed in GCC 7.1
  __uninit_copy(__first, __last, __result);
                                         ^
In file included from /home/utida/st/stm32cubeide_1.5.1/plugins/com.st.stm32cube.ide.mcu.externaltools.gnu-tools-for-stm32.7-2018-q2-update.linux64_1.5.0.202011040924/tools/arm-none-eabi/include/c++/7.3.1/bits/char_traits.h:39:0,
                 from /home/utida/st/stm32cubeide_1.5.1/plugins/com.st.stm32cube.ide.mcu.externaltools.gnu-tools-for-stm32.7-2018-q2-update.linux64_1.5.0.202011040924/tools/arm-none-eabi/include/c++/7.3.1/ios:40,
                 from /home/utida/st/stm32cubeide_1.5.1/plugins/com.st.stm32cube.ide.mcu.externaltools.gnu-tools-for-stm32.7-2018-q2-update.linux64_1.5.0.202011040924/tools/arm-none-eabi/include/c++/7.3.1/ostream:38,
                 from /home/utida/st/stm32cubeide_1.5.1/plugins/com.st.stm32cube.ide.mcu.externaltools.gnu-tools-for-stm32.7-2018-q2-update.linux64_1.5.0.202011040924/tools/arm-none-eabi/include/c++/7.3.1/iostream:39,
                 from ../Core/Inc/pure_pursuit.h:11,
                 from ../Core/Src/main.cpp:29:
/home/utida/st/stm32cubeide_1.5.1/plugins/com.st.stm32cube.ide.mcu.externaltools.gnu-tools-for-stm32.7-2018-q2-update.linux64_1.5.0.202011040924/tools/arm-none-eabi/include/c++/7.3.1/bits/stl_algobase.h: In function '_OI std::copy(_II, _II, _OI) [with _II = __gnu_cxx::__normal_iterator<const double*, std::vector<double> >; _OI = double*]':
/home/utida/st/stm32cubeide_1.5.1/plugins/com.st.stm32cube.ide.mcu.externaltools.gnu-tools-for-stm32.7-2018-q2-update.linux64_1.5.0.202011040924/tools/arm-none-eabi/include/c++/7.3.1/bits/stl_algobase.h:446:5: note: parameter passing for argument of type '__gnu_cxx::__normal_iterator<const double*, std::vector<double> >' changed in GCC 7.1
     copy(_II __first, _II __last, _OI __result)
     ^~~~
/home/utida/st/stm32cubeide_1.5.1/plugins/com.st.stm32cube.ide.mcu.externaltools.gnu-tools-for-stm32.7-2018-q2-update.linux64_1.5.0.202011040924/tools/arm-none-eabi/include/c++/7.3.1/bits/stl_algobase.h:446:5: note: parameter passing for argument of type '__gnu_cxx::__normal_iterator<const double*, std::vector<double> >' changed in GCC 7.1
/home/utida/st/stm32cubeide_1.5.1/plugins/com.st.stm32cube.ide.mcu.externaltools.gnu-tools-for-stm32.7-2018-q2-update.linux64_1.5.0.202011040924/tools/arm-none-eabi/include/c++/7.3.1/bits/stl_algobase.h:456:18: note: parameter passing for argument of type '__gnu_cxx::__normal_iterator<const double*, std::vector<double> >' changed in GCC 7.1
         __result));
                  ^
In file included from /home/utida/st/stm32cubeide_1.5.1/plugins/com.st.stm32cube.ide.mcu.externaltools.gnu-tools-for-stm32.7-2018-q2-update.linux64_1.5.0.202011040924/tools/arm-none-eabi/include/c++/7.3.1/vector:63:0,
                 from ../Core/Inc/pure_pursuit.h:12,
                 from ../Core/Src/main.cpp:29:
/home/utida/st/stm32cubeide_1.5.1/plugins/com.st.stm32cube.ide.mcu.externaltools.gnu-tools-for-stm32.7-2018-q2-update.linux64_1.5.0.202011040924/tools/arm-none-eabi/include/c++/7.3.1/bits/stl_uninitialized.h: In static member function 'static _ForwardIterator std::__uninitialized_copy<true>::__uninit_copy(_InputIterator, _InputIterator, _ForwardIterator) [with _InputIterator = std::move_iterator<double*>; _ForwardIterator = double*]':
/home/utida/st/stm32cubeide_1.5.1/plugins/com.st.stm32cube.ide.mcu.externaltools.gnu-tools-for-stm32.7-2018-q2-update.linux64_1.5.0.202011040924/tools/arm-none-eabi/include/c++/7.3.1/bits/stl_uninitialized.h:99:9: note: parameter passing for argument of type 'std::move_iterator<double*>' changed in GCC 7.1
         __uninit_copy(_InputIterator __first, _InputIterator __last,
         ^~~~~~~~~~~~~
/home/utida/st/stm32cubeide_1.5.1/plugins/com.st.stm32cube.ide.mcu.externaltools.gnu-tools-for-stm32.7-2018-q2-update.linux64_1.5.0.202011040924/tools/arm-none-eabi/include/c++/7.3.1/bits/stl_uninitialized.h:99:9: note: parameter passing for argument of type 'std::move_iterator<double*>' changed in GCC 7.1
/home/utida/st/stm32cubeide_1.5.1/plugins/com.st.stm32cube.ide.mcu.externaltools.gnu-tools-for-stm32.7-2018-q2-update.linux64_1.5.0.202011040924/tools/arm-none-eabi/include/c++/7.3.1/bits/stl_uninitialized.h:101:53: note: parameter passing for argument of type 'std::move_iterator<double*>' changed in GCC 7.1
         { return std::copy(__first, __last, __result); }
                                                     ^
In file included from /home/utida/st/stm32cubeide_1.5.1/plugins/com.st.stm32cube.ide.mcu.externaltools.gnu-tools-for-stm32.7-2018-q2-update.linux64_1.5.0.202011040924/tools/arm-none-eabi/include/c++/7.3.1/cmath:42:0,
                 from /home/utida/st/stm32cubeide_1.5.1/plugins/com.st.stm32cube.ide.mcu.externaltools.gnu-tools-for-stm32.7-2018-q2-update.linux64_1.5.0.202011040924/tools/arm-none-eabi/include/c++/7.3.1/math.h:36,
                 from ../Core/Inc/pure_pursuit.h:10,
                 from ../Core/Src/main.cpp:29:
/home/utida/st/stm32cubeide_1.5.1/plugins/com.st.stm32cube.ide.mcu.externaltools.gnu-tools-for-stm32.7-2018-q2-update.linux64_1.5.0.202011040924/tools/arm-none-eabi/include/c++/7.3.1/bits/cpp_type_traits.h: In function '_Iterator std::__miter_base(_Iterator) [with _Iterator = __gnu_cxx::__normal_iterator<const double*, std::vector<double> >]':
/home/utida/st/stm32cubeide_1.5.1/plugins/com.st.stm32cube.ide.mcu.externaltools.gnu-tools-for-stm32.7-2018-q2-update.linux64_1.5.0.202011040924/tools/arm-none-eabi/include/c++/7.3.1/bits/cpp_type_traits.h:408:5: note: parameter passing for argument of type '__gnu_cxx::__normal_iterator<const double*, std::vector<double> >' changed in GCC 7.1
     __miter_base(_Iterator __it)
     ^~~~~~~~~~~~
In file included from /home/utida/st/stm32cubeide_1.5.1/plugins/com.st.stm32cube.ide.mcu.externaltools.gnu-tools-for-stm32.7-2018-q2-update.linux64_1.5.0.202011040924/tools/arm-none-eabi/include/c++/7.3.1/bits/char_traits.h:39:0,
                 from /home/utida/st/stm32cubeide_1.5.1/plugins/com.st.stm32cube.ide.mcu.externaltools.gnu-tools-for-stm32.7-2018-q2-update.linux64_1.5.0.202011040924/tools/arm-none-eabi/include/c++/7.3.1/ios:40,
                 from /home/utida/st/stm32cubeide_1.5.1/plugins/com.st.stm32cube.ide.mcu.externaltools.gnu-tools-for-stm32.7-2018-q2-update.linux64_1.5.0.202011040924/tools/arm-none-eabi/include/c++/7.3.1/ostream:38,
                 from /home/utida/st/stm32cubeide_1.5.1/plugins/com.st.stm32cube.ide.mcu.externaltools.gnu-tools-for-stm32.7-2018-q2-update.linux64_1.5.0.202011040924/tools/arm-none-eabi/include/c++/7.3.1/iostream:39,
                 from ../Core/Inc/pure_pursuit.h:11,
                 from ../Core/Src/main.cpp:29:
/home/utida/st/stm32cubeide_1.5.1/plugins/com.st.stm32cube.ide.mcu.externaltools.gnu-tools-for-stm32.7-2018-q2-update.linux64_1.5.0.202011040924/tools/arm-none-eabi/include/c++/7.3.1/bits/stl_algobase.h: In function '_OI std::__copy_move_a2(_II, _II, _OI) [with bool _IsMove = false; _II = __gnu_cxx::__normal_iterator<const double*, std::vector<double> >; _OI = double*]':
/home/utida/st/stm32cubeide_1.5.1/plugins/com.st.stm32cube.ide.mcu.externaltools.gnu-tools-for-stm32.7-2018-q2-update.linux64_1.5.0.202011040924/tools/arm-none-eabi/include/c++/7.3.1/bits/stl_algobase.h:420:5: note: parameter passing for argument of type '__gnu_cxx::__normal_iterator<const double*, std::vector<double> >' changed in GCC 7.1
     __copy_move_a2(_II __first, _II __last, _OI __result)
     ^~~~~~~~~~~~~~
/home/utida/st/stm32cubeide_1.5.1/plugins/com.st.stm32cube.ide.mcu.externaltools.gnu-tools-for-stm32.7-2018-q2-update.linux64_1.5.0.202011040924/tools/arm-none-eabi/include/c++/7.3.1/bits/stl_algobase.h:420:5: note: parameter passing for argument of type '__gnu_cxx::__normal_iterator<const double*, std::vector<double> >' changed in GCC 7.1
/home/utida/st/stm32cubeide_1.5.1/plugins/com.st.stm32cube.ide.mcu.externaltools.gnu-tools-for-stm32.7-2018-q2-update.linux64_1.5.0.202011040924/tools/arm-none-eabi/include/c++/7.3.1/bits/stl_algobase.h: In function '_OI std::copy(_II, _II, _OI) [with _II = std::move_iterator<double*>; _OI = double*]':
/home/utida/st/stm32cubeide_1.5.1/plugins/com.st.stm32cube.ide.mcu.externaltools.gnu-tools-for-stm32.7-2018-q2-update.linux64_1.5.0.202011040924/tools/arm-none-eabi/include/c++/7.3.1/bits/stl_algobase.h:446:5: note: parameter passing for argument of type 'std::move_iterator<double*>' changed in GCC 7.1
     copy(_II __first, _II __last, _OI __result)
     ^~~~
/home/utida/st/stm32cubeide_1.5.1/plugins/com.st.stm32cube.ide.mcu.externaltools.gnu-tools-for-stm32.7-2018-q2-update.linux64_1.5.0.202011040924/tools/arm-none-eabi/include/c++/7.3.1/bits/stl_algobase.h:446:5: note: parameter passing for argument of type 'std::move_iterator<double*>' changed in GCC 7.1
In file included from /home/utida/st/stm32cubeide_1.5.1/plugins/com.st.stm32cube.ide.mcu.externaltools.gnu-tools-for-stm32.7-2018-q2-update.linux64_1.5.0.202011040924/tools/arm-none-eabi/include/c++/7.3.1/bits/stl_algobase.h:67:0,
                 from /home/utida/st/stm32cubeide_1.5.1/plugins/com.st.stm32cube.ide.mcu.externaltools.gnu-tools-for-stm32.7-2018-q2-update.linux64_1.5.0.202011040924/tools/arm-none-eabi/include/c++/7.3.1/bits/char_traits.h:39,
                 from /home/utida/st/stm32cubeide_1.5.1/plugins/com.st.stm32cube.ide.mcu.externaltools.gnu-tools-for-stm32.7-2018-q2-update.linux64_1.5.0.202011040924/tools/arm-none-eabi/include/c++/7.3.1/ios:40,
                 from /home/utida/st/stm32cubeide_1.5.1/plugins/com.st.stm32cube.ide.mcu.externaltools.gnu-tools-for-stm32.7-2018-q2-update.linux64_1.5.0.202011040924/tools/arm-none-eabi/include/c++/7.3.1/ostream:38,
                 from /home/utida/st/stm32cubeide_1.5.1/plugins/com.st.stm32cube.ide.mcu.externaltools.gnu-tools-for-stm32.7-2018-q2-update.linux64_1.5.0.202011040924/tools/arm-none-eabi/include/c++/7.3.1/iostream:39,
                 from ../Core/Inc/pure_pursuit.h:11,
                 from ../Core/Src/main.cpp:29:
/home/utida/st/stm32cubeide_1.5.1/plugins/com.st.stm32cube.ide.mcu.externaltools.gnu-tools-for-stm32.7-2018-q2-update.linux64_1.5.0.202011040924/tools/arm-none-eabi/include/c++/7.3.1/bits/stl_iterator.h: In function '_Iterator std::__niter_base(__gnu_cxx::__normal_iterator<_Iterator, _Container>) [with _Iterator = const double*; _Container = std::vector<double>]':
/home/utida/st/stm32cubeide_1.5.1/plugins/com.st.stm32cube.ide.mcu.externaltools.gnu-tools-for-stm32.7-2018-q2-update.linux64_1.5.0.202011040924/tools/arm-none-eabi/include/c++/7.3.1/bits/stl_iterator.h:983:5: note: parameter passing for argument of type '__gnu_cxx::__normal_iterator<const double*, std::vector<double> >' changed in GCC 7.1
     __niter_base(__gnu_cxx::__normal_iterator<_Iterator, _Container> __it)
     ^~~~~~~~~~~~
/home/utida/st/stm32cubeide_1.5.1/plugins/com.st.stm32cube.ide.mcu.externaltools.gnu-tools-for-stm32.7-2018-q2-update.linux64_1.5.0.202011040924/tools/arm-none-eabi/include/c++/7.3.1/bits/stl_iterator.h: In function 'decltype (std::__miter_base(__it.base())) std::__miter_base(std::move_iterator<_IteratorL>) [with _Iterator = double*]':
/home/utida/st/stm32cubeide_1.5.1/plugins/com.st.stm32cube.ide.mcu.externaltools.gnu-tools-for-stm32.7-2018-q2-update.linux64_1.5.0.202011040924/tools/arm-none-eabi/include/c++/7.3.1/bits/stl_iterator.h:1241:5: note: parameter passing for argument of type 'std::move_iterator<double*>' changed in GCC 7.1
     __miter_base(move_iterator<_Iterator> __it)
     ^~~~~~~~~~~~
arm-none-eabi-g++ -o "stmCAN_main.elf" @"objects.list"   -mcpu=cortex-m4 -T"/home/utida/catkin_ws/src/TR_2021/board/stmCAN_main/STM32F446RETX_FLASH.ld" --specs=nosys.specs -Wl,-Map="stmCAN_main.map" -Wl,--gc-sections -static --specs=nano.specs -mfpu=fpv4-sp-d16 -mfloat-abi=hard -mthumb -Wl,--start-group -lc -lm -lstdc++ -lsupc++ -Wl,--end-group
Finished building target: stmCAN_main.elf
 
arm-none-eabi-objdump -h -S  stmCAN_main.elf  > "stmCAN_main.list"
arm-none-eabi-objcopy  -O binary  stmCAN_main.elf  "stmCAN_main.bin"
arm-none-eabi-size   stmCAN_main.elf 
   text	   data	    bss	    dec	    hex	filename
 191808	    772	   7560	 200140	  30dcc	stmCAN_main.elf
Finished building: default.size.stdout
 
Finished building: stmCAN_main.bin
 
Finished building: stmCAN_main.list
 

15:25:11 Build Finished. 0 errors, 18 warnings. (took 5s.59ms)

15:25:12 **** Incremental Build of configuration Debug for project stmCAN_main ****
make -j4 all 
arm-none-eabi-size   stmCAN_main.elf 
   text	   data	    bss	    dec	    hex	filename
 191808	    772	   7560	 200140	  30dcc	stmCAN_main.elf
Finished building: default.size.stdout
 
