01:20:26 **** Incremental Build of configuration Debug for project stmCAN_sensor ****
make -j4 all 
arm-none-eabi-g++ "../Core/Src/main.cpp" -mcpu=cortex-m4 -std=gnu++14 -g3 -DUSE_HAL_DRIVER -DSTM32F446xx -DDEBUG -c -I../Core/Inc -I../Drivers/STM32F4xx_HAL_Driver/Inc -I../Drivers/STM32F4xx_HAL_Driver/Inc/Legacy -I../Drivers/CMSIS/Device/ST/STM32F4xx/Include -I../Drivers/CMSIS/Include -O0 -ffunction-sections -fdata-sections -fno-exceptions -fno-rtti -fno-use-cxa-atexit -Wall -fstack-usage -MMD -MP -MF"Core/Src/main.d" -MT"Core/Src/main.o" --specs=nano.specs -mfpu=fpv4-sp-d16 -mfloat-abi=hard -mthumb -o "Core/Src/main.o"
arm-none-eabi-g++ -o "stmCAN_sensor.elf" @"objects.list"   -mcpu=cortex-m4 -T"/home/utida/catkin_ws/src/TR_2021/board/stmCAN_sensor/STM32F446RETX_FLASH.ld" --specs=nosys.specs -Wl,-Map="stmCAN_sensor.map" -Wl,--gc-sections -static --specs=nano.specs -mfpu=fpv4-sp-d16 -mfloat-abi=hard -mthumb -Wl,--start-group -lc -lm -lstdc++ -lsupc++ -Wl,--end-group
Finished building target: stmCAN_sensor.elf
 
arm-none-eabi-objdump -h -S  stmCAN_sensor.elf  > "stmCAN_sensor.list"
arm-none-eabi-objcopy  -O binary  stmCAN_sensor.elf  "stmCAN_sensor.bin"
arm-none-eabi-size   stmCAN_sensor.elf 
   text	   data	    bss	    dec	    hex	filename
  18512	    120	   1992	  20624	   5090	stmCAN_sensor.elf
Finished building: default.size.stdout
 
Finished building: stmCAN_sensor.bin
 
Finished building: stmCAN_sensor.list
 

01:20:28 Build Finished. 0 errors, 0 warnings. (took 1s.341ms)

